13:54:47 **** Incremental Build of configuration Release for project app ****
make pre-build main-build 
a9-linaro-pre-build-step
 
Building file: ../src/aes.c
Invoking: ARM v7 gcc compiler
arm-none-eabi-gcc -Wall -O2 -c -fmessage-length=0 -MT"src/aes.o" -mcpu=cortex-a9 -mfpu=vfpv3 -mfloat-abi=hard -I../../app_bsp/ps7_cortexa9_0/include -MMD -MP -MF"src/aes.d" -MT"src/aes.o" -o "src/aes.o" "../src/aes.c"
../src/aes.c: In function 'aes_wait_ready':
../src/aes.c:30:6: warning: implicit declaration of function 'printf' [-Wimplicit-function-declaration]
      printf("Waiting crypto block to complete...");
      ^~~~~~
../src/aes.c:30:6: warning: incompatible implicit declaration of built-in function 'printf'
../src/aes.c:30:6: note: include '<stdio.h>' or provide a declaration of 'printf'
../src/aes.c:11:1:
+#include <stdio.h>
 
../src/aes.c:30:6:
      printf("Waiting crypto block to complete...");
      ^~~~~~
../src/aes.c: In function 'aes_wait_valid':
../src/aes.c:50:6: warning: incompatible implicit declaration of built-in function 'printf'
      printf("Waiting crypto block to complete...");
      ^~~~~~
../src/aes.c:50:6: note: include '<stdio.h>' or provide a declaration of 'printf'
Finished building: ../src/aes.c
 
Building file: ../src/aes_crt.c
Invoking: ARM v7 gcc compiler
arm-none-eabi-gcc -Wall -O2 -c -fmessage-length=0 -MT"src/aes_crt.o" -mcpu=cortex-a9 -mfpu=vfpv3 -mfloat-abi=hard -I../../app_bsp/ps7_cortexa9_0/include -MMD -MP -MF"src/aes_crt.d" -MT"src/aes_crt.o" -o "src/aes_crt.o" "../src/aes_crt.c"
../src/aes_crt.c: In function 'writeMulticharToAddress':
../src/aes_crt.c:40:25: warning: 'wdata' may be used uninitialized in this function [-Wmaybe-uninitialized]
         wdata = ( wdata << 8 ) | ((*pData++) & 0xFF);
                 ~~~~~~~~^~~~~~
Finished building: ../src/aes_crt.c
 
Building file: ../src/helloworld.c
Invoking: ARM v7 gcc compiler
arm-none-eabi-gcc -Wall -O2 -c -fmessage-length=0 -MT"src/helloworld.o" -mcpu=cortex-a9 -mfpu=vfpv3 -mfloat-abi=hard -I../../app_bsp/ps7_cortexa9_0/include -MMD -MP -MF"src/helloworld.d" -MT"src/helloworld.o" -o "src/helloworld.o" "../src/helloworld.c"
In file included from ../src/helloworld.c:53:
../src/aes.h:42: warning: "STATUS_READY_BIT" redefined
 #define STATUS_READY_BIT 0x0
 
In file included from ../src/helloworld.c:52:
../src/sha256.h:24: note: this is the location of the previous definition
 #define STATUS_READY_BIT 0
 
In file included from ../src/helloworld.c:53:
../src/aes.h:43: warning: "STATUS_VALID_BIT" redefined
 #define STATUS_VALID_BIT 0x1
 
In file included from ../src/helloworld.c:52:
../src/sha256.h:25: note: this is the location of the previous definition
 #define STATUS_VALID_BIT 1
 
../src/helloworld.c: In function 'test_aes':
../src/helloworld.c:103:49: warning: passing argument 5 of 'ecb_mode_single_block_test' from incompatible pointer type [-Wincompatible-pointer-types]
                                nist_plaintext0, &result);
                                                 ^~~~~~~
In file included from ../src/helloworld.c:53:
../src/aes.h:60:25: note: expected 'unsigned int *' but argument is of type 'unsigned int (*)[4]'
         unsigned int    result[4]);
         ~~~~~~~~~~~~~~~~^~~~~~~~~
../src/helloworld.c: In function 'main':
../src/helloworld.c:170:5: warning: implicit declaration of function 'init_uart'; did you mean 'init_key'? [-Wimplicit-function-declaration]
     init_uart();
     ^~~~~~~~~
     init_key
../src/helloworld.c:171:5: warning: implicit declaration of function 'Xil_DCacheDisable' [-Wimplicit-function-declaration]
     Xil_DCacheDisable();
     ^~~~~~~~~~~~~~~~~
../src/helloworld.c:172:5: warning: implicit declaration of function 'Xil_ICacheDisable' [-Wimplicit-function-declaration]
     Xil_ICacheDisable();
     ^~~~~~~~~~~~~~~~~
../src/helloworld.c:193:5: warning: implicit declaration of function 'read_digest' [-Wimplicit-function-declaration]
     read_digest(hash);
     ^~~~~~~~~~~
../src/helloworld.c:184:15: warning: unused variable 'snp2_hash' [-Wunused-variable]
  unsigned int snp2_hash[8] = {0xe3b0c442, 0x98fc1c14, 0x9afbf4c8, 0x996fb924, 0x27ae41e4, 0x649b934c, 0xa495991b, 0x7852b855};
               ^~~~~~~~~
Finished building: ../src/helloworld.c
 
Building file: ../src/platform.c
Invoking: ARM v7 gcc compiler
arm-none-eabi-gcc -Wall -O2 -c -fmessage-length=0 -MT"src/platform.o" -mcpu=cortex-a9 -mfpu=vfpv3 -mfloat-abi=hard -I../../app_bsp/ps7_cortexa9_0/include -MMD -MP -MF"src/platform.d" -MT"src/platform.o" -o "src/platform.o" "../src/platform.c"
Finished building: ../src/platform.c
 
Building file: ../src/sha256.c
Invoking: ARM v7 gcc compiler
arm-none-eabi-gcc -Wall -O2 -c -fmessage-length=0 -MT"src/sha256.o" -mcpu=cortex-a9 -mfpu=vfpv3 -mfloat-abi=hard -I../../app_bsp/ps7_cortexa9_0/include -MMD -MP -MF"src/sha256.d" -MT"src/sha256.o" -o "src/sha256.o" "../src/sha256.c"
../src/sha256.c: In function 'sha256_hash':
../src/sha256.c:104:23: warning: passing argument 2 of 'sha256_final' from incompatible pointer type [-Wincompatible-pointer-types]
   sha256_final(&hash, buf);
                       ^~~
In file included from ../src/sha256.c:14:
../src/sha256.h:66:47: note: expected 'unsigned char *' but argument is of type 'unsigned int *'
 void sha256_final(sha256_t *p, unsigned char *digest);
                                ~~~~~~~~~~~~~~~^~~~~~
Finished building: ../src/sha256.c
 
Building target: app.elf
Invoking: ARM v7 gcc linker
arm-none-eabi-gcc -mcpu=cortex-a9 -mfpu=vfpv3 -mfloat-abi=hard -Wl,-build-id=none -specs=Xilinx.spec -Wl,-T -Wl,../src/lscript.ld -L../../app_bsp/ps7_cortexa9_0/lib -o "app.elf"  ./src/aes.o ./src/aes_crt.o ./src/helloworld.o ./src/platform.o ./src/sha256.o   -Wl,--start-group,-lxil,-lgcc,-lc,--end-group -Wl,--start-group,-lxilffs,-lxil,-lgcc,-lc,--end-group
Finished building target: app.elf
 
Invoking: ARM v7 Print Size
arm-none-eabi-size app.elf  |tee "app.elf.size"
   text	   data	    bss	    dec	    hex	filename
  62652	   2600	  23328	  88580	  15a04	app.elf
Finished building: app.elf.size
 
13:55:05 **** Auto Build of configuration Release for project app ****
make pre-build main-build 
a9-linaro-pre-build-step
 
make: Nothing to be done for 'main-build'.
13:55:06 **** Auto Build of configuration Release for project fsbl ****
make pre-build main-build 
a9-linaro-pre-build-step
 
make: Nothing to be done for 'main-build'.
13:58:11 **** Incremental Build of configuration Release for project app ****
make pre-build main-build 
a9-linaro-pre-build-step
 
make: Nothing to be done for 'main-build'.
13:58:23 **** Incremental Build of configuration Release for project app ****
make pre-build main-build 
a9-linaro-pre-build-step
 
make: Nothing to be done for 'main-build'.
13:58:42 **** Incremental Build of configuration Release for project app ****
make pre-build main-build 
a9-linaro-pre-build-step
 
make: Nothing to be done for 'main-build'.
13:59:50 **** Incremental Build of configuration Release for project app ****
make pre-build main-build 
a9-linaro-pre-build-step
 
make: Nothing to be done for 'main-build'.
